D:\ra134-2016\Lab3\basic_system\implementation\system.ngc 1552898000
D:/ra134-2016/Lab3/basic_system/implementation/system_dip_switches_wrapper.ngc 1552897976
D:/ra134-2016/Lab3/basic_system/implementation/system_rs232_wrapper.ngc 1552897962
D:/ra134-2016/Lab3/basic_system/implementation/system_proc_sys_reset_0_wrapper.ngc 1552897885
D:/ra134-2016/Lab3/basic_system/implementation/system_clock_generator_0_wrapper.ngc 1552897988
D:/ra134-2016/Lab3/basic_system/implementation/system_microblaze_0_ilmb_wrapper.ngc 1552897979
D:/ra134-2016/Lab3/basic_system/implementation/system_microblaze_0_dlmb_wrapper.ngc 1552897982
D:/ra134-2016/Lab3/basic_system/implementation/system_axi4lite_0_wrapper.ngc 1552897990
D:/ra134-2016/Lab3/basic_system/implementation/system_microblaze_0_wrapper.ngc 1552897985
D:/ra134-2016/Lab3/basic_system/implementation/system_microblaze_0_i_bram_ctrl_wrapper.ngc 1552897894
D:/ra134-2016/Lab3/basic_system/implementation/system_microblaze_0_d_bram_ctrl_wrapper.ngc 1552897903
D:/ra134-2016/Lab3/basic_system/implementation/system_debug_module_wrapper.ngc 1552897942
D:/ra134-2016/Lab3/basic_system/implementation/system_leds_wrapper.ngc 1552897969
D:/ra134-2016/Lab3/basic_system/implementation/system_microblaze_0_bram_block_wrapper.ngc 1552897908
OK
